// Jest Snapshot v1, https://goo.gl/fbAQLP

exports[`AboutUs component Renders correctly 1`] = `
<ContextProvider
  value={
    Array [
      "en-us",
      [Function],
    ]
  }
>
  <AboutUs />
</ContextProvider>
`;
