// Jest Snapshot v1, https://goo.gl/fbAQLP

exports[`Header component Renders correctly 1`] = `
<ContextProvider
  value={
    Array [
      "en-us",
      [Function],
    ]
  }
>
  <Header />
</ContextProvider>
`;
